[     302ms] [INFO] %cDownload the React DevTools for a better development experience: https://react.dev/link/react-devtools font-weight:bold @ http://localhost:3000/_next/static/chunks/1nfa_next_dist_0gnxq9c._.js:2477
[     373ms] [LOG] [HMR] connected @ http://localhost:3000/_next/static/chunks/1nfa_next_dist_0gnxq9c._.js:2477
[     430ms] [WARNING] Image with src "http://localhost:3000/partners/bni.svg" has either width or height modified, but not the other. If you use CSS to change the size of your image, also include the styles 'width: "auto"' or 'height: "auto"' to maintain the aspect ratio. @ http://localhost:3000/_next/static/chunks/1nfa_next_dist_0gnxq9c._.js:2477
[     431ms] [WARNING] Image with src "http://localhost:3000/partners/bjb.svg" has either width or height modified, but not the other. If you use CSS to change the size of your image, also include the styles 'width: "auto"' or 'height: "auto"' to maintain the aspect ratio. @ http://localhost:3000/_next/static/chunks/1nfa_next_dist_0gnxq9c._.js:2477
[     431ms] [WARNING] Image with src "http://localhost:3000/partners/btn.svg" has either width or height modified, but not the other. If you use CSS to change the size of your image, also include the styles 'width: "auto"' or 'height: "auto"' to maintain the aspect ratio. @ http://localhost:3000/_next/static/chunks/1nfa_next_dist_0gnxq9c._.js:2477
[     431ms] [WARNING] Image with src "http://localhost:3000/partners/bri.svg" has either width or height modified, but not the other. If you use CSS to change the size of your image, also include the styles 'width: "auto"' or 'height: "auto"' to maintain the aspect ratio. @ http://localhost:3000/_next/static/chunks/1nfa_next_dist_0gnxq9c._.js:2477
[     431ms] [WARNING] Image with src "http://localhost:3000/partners/bca.svg" has either width or height modified, but not the other. If you use CSS to change the size of your image, also include the styles 'width: "auto"' or 'height: "auto"' to maintain the aspect ratio. @ http://localhost:3000/_next/static/chunks/1nfa_next_dist_0gnxq9c._.js:2477
[     431ms] [WARNING] Image with src "http://localhost:3000/partners/bpr.svg" has either width or height modified, but not the other. If you use CSS to change the size of your image, also include the styles 'width: "auto"' or 'height: "auto"' to maintain the aspect ratio. @ http://localhost:3000/_next/static/chunks/1nfa_next_dist_0gnxq9c._.js:2477
[     431ms] [WARNING] Image with src "http://localhost:3000/partners/bpr-hik.svg" has either width or height modified, but not the other. If you use CSS to change the size of your image, also include the styles 'width: "auto"' or 'height: "auto"' to maintain the aspect ratio. @ http://localhost:3000/_next/static/chunks/1nfa_next_dist_0gnxq9c._.js:2477
[     536ms] [LOG] [Fast Refresh] rebuilding @ http://localhost:3000/_next/static/chunks/1nfa_next_dist_0gnxq9c._.js:2477
[     618ms] [ERROR] Failed to load resource: the server responded with a status of 500 (Internal Server Error) @ http://localhost:3000/api/admin/stats:0
[     619ms] [LOG] [Fast Refresh] done in 183ms @ http://localhost:3000/_next/static/chunks/1nfa_next_dist_0gnxq9c._.js:2477
[    4533ms] [LOG] [Fast Refresh] rebuilding @ http://localhost:3000/_next/static/chunks/1nfa_next_dist_0gnxq9c._.js:2477
[    4779ms] [LOG] [Fast Refresh] done in 309ms @ http://localhost:3000/_next/static/chunks/1nfa_next_dist_0gnxq9c._.js:2477
[   19789ms] [WARNING] Image with src "http://localhost:3000/partners/bws.svg" has either width or height modified, but not the other. If you use CSS to change the size of your image, also include the styles 'width: "auto"' or 'height: "auto"' to maintain the aspect ratio. @ http://localhost:3000/_next/static/chunks/1nfa_next_dist_0gnxq9c._.js:2477
[   23051ms] [WARNING] Image with src "http://localhost:3000/partners/sampoerna.svg" has either width or height modified, but not the other. If you use CSS to change the size of your image, also include the styles 'width: "auto"' or 'height: "auto"' to maintain the aspect ratio. @ http://localhost:3000/_next/static/chunks/1nfa_next_dist_0gnxq9c._.js:2477
[   86763ms] [LOG] [Fast Refresh] rebuilding @ http://localhost:3000/_next/static/chunks/1nfa_next_dist_0gnxq9c._.js:2477
[   86790ms] [LOG] [Fast Refresh] done in 93ms @ http://localhost:3000/_next/static/chunks/1nfa_next_dist_0gnxq9c._.js:2477
[  101358ms] [ERROR] WebSocket connection to 'ws://localhost:3000/_next/webpack-hmr?id=DgLBEyZFnDhsrCRj08mqJ' failed: Error in connection establishment: net::ERR_CONNECTION_REFUSED @ http://localhost:3000/_next/static/chunks/1nfa_next_dist_client_0tfokp3._.js:13422
[  102360ms] [ERROR] WebSocket connection to 'ws://localhost:3000/_next/webpack-hmr?id=DgLBEyZFnDhsrCRj08mqJ' failed: Error in connection establishment: net::ERR_CONNECTION_REFUSED @ http://localhost:3000/_next/static/chunks/1nfa_next_dist_client_0tfokp3._.js:13422
[  103362ms] [ERROR] WebSocket connection to 'ws://localhost:3000/_next/webpack-hmr?id=DgLBEyZFnDhsrCRj08mqJ' failed: Error in connection establishment: net::ERR_CONNECTION_REFUSED @ http://localhost:3000/_next/static/chunks/1nfa_next_dist_client_0tfokp3._.js:13422
[  104363ms] [ERROR] WebSocket connection to 'ws://localhost:3000/_next/webpack-hmr?id=DgLBEyZFnDhsrCRj08mqJ' failed: Error in connection establishment: net::ERR_CONNECTION_REFUSED @ http://localhost:3000/_next/static/chunks/1nfa_next_dist_client_0tfokp3._.js:13422
[  105365ms] [ERROR] WebSocket connection to 'ws://localhost:3000/_next/webpack-hmr?id=DgLBEyZFnDhsrCRj08mqJ' failed: Error in connection establishment: net::ERR_CONNECTION_REFUSED @ http://localhost:3000/_next/static/chunks/1nfa_next_dist_client_0tfokp3._.js:13422
[  106967ms] [INFO] %cDownload the React DevTools for a better development experience: https://react.dev/link/react-devtools font-weight:bold @ http://localhost:3000/_next/static/chunks/1nfa_next_dist_0gnxq9c._.js:2477
[  107513ms] [LOG] [HMR] connected @ http://localhost:3000/_next/static/chunks/1nfa_next_dist_0gnxq9c._.js:2477
[  107573ms] [WARNING] Image with src "http://localhost:3000/partners/bni.svg" has either width or height modified, but not the other. If you use CSS to change the size of your image, also include the styles 'width: "auto"' or 'height: "auto"' to maintain the aspect ratio. @ http://localhost:3000/_next/static/chunks/1nfa_next_dist_0gnxq9c._.js:2477
[  107573ms] [WARNING] Image with src "http://localhost:3000/partners/bjb.svg" has either width or height modified, but not the other. If you use CSS to change the size of your image, also include the styles 'width: "auto"' or 'height: "auto"' to maintain the aspect ratio. @ http://localhost:3000/_next/static/chunks/1nfa_next_dist_0gnxq9c._.js:2477
[  107573ms] [WARNING] Image with src "http://localhost:3000/partners/btn.svg" has either width or height modified, but not the other. If you use CSS to change the size of your image, also include the styles 'width: "auto"' or 'height: "auto"' to maintain the aspect ratio. @ http://localhost:3000/_next/static/chunks/1nfa_next_dist_0gnxq9c._.js:2477
[  107573ms] [WARNING] Image with src "http://localhost:3000/partners/bri.svg" has either width or height modified, but not the other. If you use CSS to change the size of your image, also include the styles 'width: "auto"' or 'height: "auto"' to maintain the aspect ratio. @ http://localhost:3000/_next/static/chunks/1nfa_next_dist_0gnxq9c._.js:2477
[  107573ms] [WARNING] Image with src "http://localhost:3000/partners/bca.svg" has either width or height modified, but not the other. If you use CSS to change the size of your image, also include the styles 'width: "auto"' or 'height: "auto"' to maintain the aspect ratio. @ http://localhost:3000/_next/static/chunks/1nfa_next_dist_0gnxq9c._.js:2477
[  107574ms] [WARNING] Image with src "http://localhost:3000/partners/bpr.svg" has either width or height modified, but not the other. If you use CSS to change the size of your image, also include the styles 'width: "auto"' or 'height: "auto"' to maintain the aspect ratio. @ http://localhost:3000/_next/static/chunks/1nfa_next_dist_0gnxq9c._.js:2477
[  107574ms] [WARNING] Image with src "http://localhost:3000/partners/bpr-hik.svg" has either width or height modified, but not the other. If you use CSS to change the size of your image, also include the styles 'width: "auto"' or 'height: "auto"' to maintain the aspect ratio. @ http://localhost:3000/_next/static/chunks/1nfa_next_dist_0gnxq9c._.js:2477
[  107574ms] [WARNING] Image with src "http://localhost:3000/partners/bws.svg" has either width or height modified, but not the other. If you use CSS to change the size of your image, also include the styles 'width: "auto"' or 'height: "auto"' to maintain the aspect ratio. @ http://localhost:3000/_next/static/chunks/1nfa_next_dist_0gnxq9c._.js:2477
[  107574ms] [WARNING] Image with src "http://localhost:3000/partners/sampoerna.svg" has either width or height modified, but not the other. If you use CSS to change the size of your image, also include the styles 'width: "auto"' or 'height: "auto"' to maintain the aspect ratio. @ http://localhost:3000/_next/static/chunks/1nfa_next_dist_0gnxq9c._.js:2477
[  107722ms] [ERROR] Failed to load resource: the server responded with a status of 500 (Internal Server Error) @ http://localhost:3000/api/admin/stats:0
