[    1333ms] [INFO] %cDownload the React DevTools for a better development experience: https://react.dev/link/react-devtools font-weight:bold @ http://localhost:3000/_next/static/chunks/1nfa_next_dist_0gnxq9c._.js:2477
[    1509ms] [LOG] [HMR] connected @ http://localhost:3000/_next/static/chunks/1nfa_next_dist_0gnxq9c._.js:2477
[    1720ms] [WARNING] Image with src "/partners/bca.png" has either width or height modified, but not the other. If you use CSS to change the size of your image, also include the styles 'width: "auto"' or 'height: "auto"' to maintain the aspect ratio. @ http://localhost:3000/_next/static/chunks/1nfa_next_dist_0gnxq9c._.js:2477
[    1727ms] [WARNING] Image with src "/partners/bni.png" has either width or height modified, but not the other. If you use CSS to change the size of your image, also include the styles 'width: "auto"' or 'height: "auto"' to maintain the aspect ratio. @ http://localhost:3000/_next/static/chunks/1nfa_next_dist_0gnxq9c._.js:2477
[    1727ms] [WARNING] Image with src "/partners/mandiri.png" has either width or height modified, but not the other. If you use CSS to change the size of your image, also include the styles 'width: "auto"' or 'height: "auto"' to maintain the aspect ratio. @ http://localhost:3000/_next/static/chunks/1nfa_next_dist_0gnxq9c._.js:2477
[    1727ms] [WARNING] Image with src "/partners/bjb.png" has either width or height modified, but not the other. If you use CSS to change the size of your image, also include the styles 'width: "auto"' or 'height: "auto"' to maintain the aspect ratio. @ http://localhost:3000/_next/static/chunks/1nfa_next_dist_0gnxq9c._.js:2477
[    1727ms] [WARNING] Image with src "/partners/btn.png" has either width or height modified, but not the other. If you use CSS to change the size of your image, also include the styles 'width: "auto"' or 'height: "auto"' to maintain the aspect ratio. @ http://localhost:3000/_next/static/chunks/1nfa_next_dist_0gnxq9c._.js:2477
[    1727ms] [WARNING] Image with src "/partners/bsi.png" has either width or height modified, but not the other. If you use CSS to change the size of your image, also include the styles 'width: "auto"' or 'height: "auto"' to maintain the aspect ratio. @ http://localhost:3000/_next/static/chunks/1nfa_next_dist_0gnxq9c._.js:2477
[    7873ms] [WARNING] Image with src "/partners/cimb.png" has either width or height modified, but not the other. If you use CSS to change the size of your image, also include the styles 'width: "auto"' or 'height: "auto"' to maintain the aspect ratio. @ http://localhost:3000/_next/static/chunks/1nfa_next_dist_0gnxq9c._.js:2477
[    9076ms] [LOG] [Fast Refresh] rebuilding @ http://localhost:3000/_next/static/chunks/1nfa_next_dist_0gnxq9c._.js:2477
[    9103ms] [LOG] [Fast Refresh] done in 103ms @ http://localhost:3000/_next/static/chunks/1nfa_next_dist_0gnxq9c._.js:2477
[  177255ms] [LOG] [Fast Refresh] rebuilding @ http://localhost:3000/_next/static/chunks/1nfa_next_dist_0gnxq9c._.js:2477
[  177627ms] [LOG] [Fast Refresh] done in 402ms @ http://localhost:3000/_next/static/chunks/1nfa_next_dist_0gnxq9c._.js:2477
[  193058ms] [LOG] [Fast Refresh] rebuilding @ http://localhost:3000/_next/static/chunks/1nfa_next_dist_0gnxq9c._.js:2477
[  193179ms] [LOG] [Fast Refresh] done in 223ms @ http://localhost:3000/_next/static/chunks/1nfa_next_dist_0gnxq9c._.js:2477
[  213648ms] [LOG] [Fast Refresh] rebuilding @ http://localhost:3000/_next/static/chunks/1nfa_next_dist_0gnxq9c._.js:2477
[  213748ms] [LOG] [Fast Refresh] done in 137ms @ http://localhost:3000/_next/static/chunks/1nfa_next_dist_0gnxq9c._.js:2477
[  227012ms] [LOG] [Fast Refresh] rebuilding @ http://localhost:3000/_next/static/chunks/1nfa_next_dist_0gnxq9c._.js:2477
[  227087ms] [LOG] [Fast Refresh] done in 145ms @ http://localhost:3000/_next/static/chunks/1nfa_next_dist_0gnxq9c._.js:2477
[  426462ms] [LOG] [Fast Refresh] rebuilding @ http://localhost:3000/_next/static/chunks/1nfa_next_dist_0gnxq9c._.js:2477
[  426912ms] [LOG] [Fast Refresh] done in 556ms @ http://localhost:3000/_next/static/chunks/1nfa_next_dist_0gnxq9c._.js:2477
[  430094ms] [LOG] [Fast Refresh] rebuilding @ http://localhost:3000/_next/static/chunks/1nfa_next_dist_0gnxq9c._.js:2477
[  430460ms] [LOG] [Fast Refresh] done in 466ms @ http://localhost:3000/_next/static/chunks/1nfa_next_dist_0gnxq9c._.js:2477
[  436760ms] [LOG] [Fast Refresh] rebuilding @ http://localhost:3000/_next/static/chunks/1nfa_next_dist_0gnxq9c._.js:2477
[  436810ms] [LOG] [Fast Refresh] done in 150ms @ http://localhost:3000/_next/static/chunks/1nfa_next_dist_0gnxq9c._.js:2477
[  613014ms] [LOG] [Fast Refresh] rebuilding @ http://localhost:3000/_next/static/chunks/1nfa_next_dist_0gnxq9c._.js:2477
[  613119ms] [LOG] [Fast Refresh] done in 125ms @ http://localhost:3000/_next/static/chunks/1nfa_next_dist_0gnxq9c._.js:2477
[ 1227374ms] [LOG] [Fast Refresh] rebuilding @ http://localhost:3000/_next/static/chunks/1nfa_next_dist_0gnxq9c._.js:2477
[ 1227510ms] [LOG] [Fast Refresh] done in 234ms @ http://localhost:3000/_next/static/chunks/1nfa_next_dist_0gnxq9c._.js:2477
[ 1300668ms] [LOG] [Fast Refresh] rebuilding @ http://localhost:3000/_next/static/chunks/1nfa_next_dist_0gnxq9c._.js:2477
[ 1300750ms] [LOG] [Fast Refresh] done in 185ms @ http://localhost:3000/_next/static/chunks/1nfa_next_dist_0gnxq9c._.js:2477
[ 1304694ms] [LOG] [Fast Refresh] rebuilding @ http://localhost:3000/_next/static/chunks/1nfa_next_dist_0gnxq9c._.js:2477
[ 1305747ms] [LOG] [Fast Refresh] done in 1155ms @ http://localhost:3000/_next/static/chunks/1nfa_next_dist_0gnxq9c._.js:2477
[ 1306204ms] [LOG] [Fast Refresh] rebuilding @ http://localhost:3000/_next/static/chunks/1nfa_next_dist_0gnxq9c._.js:2477
[ 1306233ms] [LOG] [Fast Refresh] done in 131ms @ http://localhost:3000/_next/static/chunks/1nfa_next_dist_0gnxq9c._.js:2477
[ 1321049ms] [LOG] [Fast Refresh] rebuilding @ http://localhost:3000/_next/static/chunks/1nfa_next_dist_0gnxq9c._.js:2477
[ 1321406ms] [LOG] [Fast Refresh] done in 459ms @ http://localhost:3000/_next/static/chunks/1nfa_next_dist_0gnxq9c._.js:2477
[ 1432466ms] [LOG] [Fast Refresh] rebuilding @ http://localhost:3000/_next/static/chunks/1nfa_next_dist_0gnxq9c._.js:2477
[ 1432552ms] [LOG] [Fast Refresh] done in 171ms @ http://localhost:3000/_next/static/chunks/1nfa_next_dist_0gnxq9c._.js:2477
[ 1452726ms] [LOG] [Fast Refresh] rebuilding @ http://localhost:3000/_next/static/chunks/1nfa_next_dist_0gnxq9c._.js:2477
[ 1453055ms] [LOG] [Fast Refresh] done in 202ms @ http://localhost:3000/_next/static/chunks/1nfa_next_dist_0gnxq9c._.js:2477
[ 1469596ms] [LOG] [Fast Refresh] rebuilding @ http://localhost:3000/_next/static/chunks/1nfa_next_dist_0gnxq9c._.js:2477
[ 1469683ms] [LOG] [Fast Refresh] done in 114ms @ http://localhost:3000/_next/static/chunks/1nfa_next_dist_0gnxq9c._.js:2477
[ 1486485ms] [LOG] [Fast Refresh] rebuilding @ http://localhost:3000/_next/static/chunks/1nfa_next_dist_0gnxq9c._.js:2477
[ 1486560ms] [LOG] [Fast Refresh] done in 118ms @ http://localhost:3000/_next/static/chunks/1nfa_next_dist_0gnxq9c._.js:2477
[ 1489348ms] [LOG] [Fast Refresh] rebuilding @ http://localhost:3000/_next/static/chunks/1nfa_next_dist_0gnxq9c._.js:2477
[ 1489355ms] [LOG] [Fast Refresh] done in 108ms @ http://localhost:3000/_next/static/chunks/1nfa_next_dist_0gnxq9c._.js:2477
[ 1489894ms] [INFO] %cDownload the React DevTools for a better development experience: https://react.dev/link/react-devtools font-weight:bold @ http://localhost:3000/_next/static/chunks/1nfa_next_dist_0gnxq9c._.js:2477
[ 1489934ms] [LOG] [HMR] connected @ http://localhost:3000/_next/static/chunks/1nfa_next_dist_0gnxq9c._.js:2477
[ 1491928ms] [INFO] %cDownload the React DevTools for a better development experience: https://react.dev/link/react-devtools font-weight:bold @ http://localhost:3000/_next/static/chunks/1nfa_next_dist_0gnxq9c._.js:2477
[ 1491947ms] [LOG] [HMR] connected @ http://localhost:3000/_next/static/chunks/1nfa_next_dist_0gnxq9c._.js:2477
[ 1494976ms] [WARNING] The resource http://localhost:3000/_next/static/media/83afe278b6a6bb3c-s.p.2bn3s6zvc0dyp.woff2 was preloaded using link preload but not used within a few seconds from the window's load event. Please make sure it has an appropriate `as` value and it is preloaded intentionally. @ http://localhost:3000/properti#:0
[ 1494976ms] [WARNING] The resource http://localhost:3000/_next/static/media/70e3db2de7f94926-s.p.39pl-v7c3qrze.woff2 was preloaded using link preload but not used within a few seconds from the window's load event. Please make sure it has an appropriate `as` value and it is preloaded intentionally. @ http://localhost:3000/properti#:0
[ 1494976ms] [WARNING] The resource http://localhost:3000/_next/static/media/2a65768255d6b625-s.p.3u4lli0-axodc.woff2 was preloaded using link preload but not used within a few seconds from the window's load event. Please make sure it has an appropriate `as` value and it is preloaded intentionally. @ http://localhost:3000/properti#:0
[ 1520630ms] [WARNING] Detected `scroll-behavior: smooth` on the `<html>` element. To disable smooth scrolling during route transitions, add `data-scroll-behavior="smooth"` to your <html> element. Learn more: https://nextjs.org/docs/messages/missing-data-scroll-behavior @ http://localhost:3000/_next/static/chunks/1nfa_next_dist_0gnxq9c._.js:2477
[ 1522934ms] [INFO] %cDownload the React DevTools for a better development experience: https://react.dev/link/react-devtools font-weight:bold @ http://localhost:3000/_next/static/chunks/1nfa_next_dist_0gnxq9c._.js:2477
[ 1522959ms] [LOG] [HMR] connected @ http://localhost:3000/_next/static/chunks/1nfa_next_dist_0gnxq9c._.js:2477
